{"level":"info","message":"MongoDB connected successfully","timestamp":"2025-03-14 16:16:42"}
{"level":"info","message":"MongoDB connected successfully","timestamp":"2025-03-14 16:16:42"}
{"level":"info","message":"MongoDB connected successfully","timestamp":"2025-03-14 16:16:42"}
{"level":"info","message":"MongoDB connected successfully","timestamp":"2025-03-14 16:16:42"}
{"level":"info","message":"Server started on port 5000 http://localhost:5000","timestamp":"2025-03-14 16:16:42"}
{"level":"info","message":"MongoDB connected successfully","timestamp":"2025-03-14 16:16:42"}
{"level":"info","message":"MongoDB connected successfully","timestamp":"2025-03-14 16:16:42"}
{"level":"info","message":"MongoDB connected successfully","timestamp":"2025-03-14 16:17:10"}
{"level":"info","message":"MongoDB connected successfully","timestamp":"2025-03-14 16:17:57"}
{"level":"info","message":"\u001b[0mGET / \u001b[32m200\u001b[0m 11.690 ms - 8257\u001b[0m","timestamp":"2025-03-14 16:18:40"}
{"level":"info","message":"\u001b[0mGET /js/home.js \u001b[36m304\u001b[0m 1.641 ms - -\u001b[0m","timestamp":"2025-03-14 16:18:40"}
{"level":"info","message":"\u001b[0mGET / \u001b[36m304\u001b[0m 2.458 ms - -\u001b[0m","timestamp":"2025-03-14 16:18:40"}
{"level":"info","message":"\u001b[0mGET /js/home.js \u001b[36m304\u001b[0m 0.529 ms - -\u001b[0m","timestamp":"2025-03-14 16:18:41"}
{"level":"info","message":"MongoDB connected successfully","timestamp":"2025-03-14 16:18:54"}
{"level":"info","message":"MongoDB connected successfully","timestamp":"2025-03-14 16:19:45"}
{"level":"info","message":"MongoDB connected successfully","timestamp":"2025-03-14 16:19:45"}
{"level":"info","message":"MongoDB connected successfully","timestamp":"2025-03-14 16:19:45"}
{"level":"info","message":"MongoDB connected successfully","timestamp":"2025-03-14 16:19:45"}
{"level":"info","message":"Server started on port 5000 http://localhost:5000","timestamp":"2025-03-14 16:19:45"}
{"level":"info","message":"MongoDB connected successfully","timestamp":"2025-03-14 16:19:45"}
{"level":"info","message":"MongoDB connected successfully","timestamp":"2025-03-14 16:19:47"}
{"level":"info","message":"MongoDB connected successfully","timestamp":"2025-03-14 16:19:47"}
{"level":"info","message":"Server started on port 5000 http://localhost:5000","timestamp":"2025-03-14 16:19:47"}
{"level":"info","message":"MongoDB connected successfully","timestamp":"2025-03-14 16:19:47"}
{"level":"info","message":"MongoDB connected successfully","timestamp":"2025-03-14 16:19:47"}
{"level":"info","message":"MongoDB connected successfully","timestamp":"2025-03-14 16:19:47"}
{"level":"info","message":"\u001b[0mGET / \u001b[36m304\u001b[0m 11.596 ms - -\u001b[0m","timestamp":"2025-03-14 16:19:57"}
{"level":"info","message":"\u001b[0mGET /js/home.js \u001b[36m304\u001b[0m 1.238 ms - -\u001b[0m","timestamp":"2025-03-14 16:19:57"}
{"level":"info","message":"\u001b[0mGET / \u001b[36m304\u001b[0m 2.117 ms - -\u001b[0m","timestamp":"2025-03-14 16:19:57"}
{"level":"info","message":"\u001b[0mGET /js/home.js \u001b[36m304\u001b[0m 1.512 ms - -\u001b[0m","timestamp":"2025-03-14 16:19:57"}
{"level":"info","message":"\u001b[0mGET /api/v1/members \u001b[32m200\u001b[0m 9.697 ms - 7740\u001b[0m","timestamp":"2025-03-14 16:20:02"}
{"level":"info","message":"MongoDB connected successfully","timestamp":"2025-03-14 16:20:37"}
{"level":"info","message":"MongoDB connected successfully","timestamp":"2025-03-14 16:20:37"}
{"level":"info","message":"Server started on port 5000 http://localhost:5000","timestamp":"2025-03-14 16:20:37"}
{"level":"info","message":"MongoDB connected successfully","timestamp":"2025-03-14 16:20:37"}
{"level":"info","message":"MongoDB connected successfully","timestamp":"2025-03-14 16:20:37"}
{"level":"info","message":"MongoDB connected successfully","timestamp":"2025-03-14 16:20:37"}
{"level":"info","message":"MongoDB connected successfully","timestamp":"2025-03-14 16:22:06"}
{"level":"info","message":"MongoDB connected successfully","timestamp":"2025-03-14 16:22:06"}
{"level":"info","message":"MongoDB connected successfully","timestamp":"2025-03-14 16:22:06"}
{"level":"info","message":"MongoDB connected successfully","timestamp":"2025-03-14 16:22:06"}
{"level":"info","message":"Server started on port 5000 http://localhost:5000","timestamp":"2025-03-14 16:22:06"}
{"level":"info","message":"MongoDB connected successfully","timestamp":"2025-03-14 16:22:06"}
