Timestamp: 2025-03-13T05:04:23.342Z
Error Message: memberService.getAl is not a function
File: file:///C:/Users/%E3%83%A9%E3%83%8A%E3%83%A2%E3%83%8F%E3%83%9E%E3%83%89%E3%82%B7%E3%83%A7%E3%83%98%E3%83%AB/Desktop/learnig_folder/jim_application/src/controllers/memberController.js
Method: getAll
Line: 7
Stack Trace:
TypeError: memberService.getAl is not a function
    at getAll (file:///C:/Users/%E3%83%A9%E3%83%8A%E3%83%A2%E3%83%8F%E3%83%9E%E3%83%89%E3%82%B7%E3%83%A7%E3%83%98%E3%83%AB/Desktop/learnig_folder/jim_application/src/controllers/memberController.js:7:49)
    at Layer.handle [as handle_request] (C:\Users\ラナモハマドショヘル\Desktop\learnig_folder\jim_application\node_modules\express\lib\router\layer.js:95:5)
    at next (C:\Users\ラナモハマドショヘル\Desktop\learnig_folder\jim_application\node_modules\express\lib\router\route.js:149:13)
    at Route.dispatch (C:\Users\ラナモハマドショヘル\Desktop\learnig_folder\jim_application\node_modules\express\lib\router\route.js:119:3)
    at Layer.handle [as handle_request] (C:\Users\ラナモハマドショヘル\Desktop\learnig_folder\jim_application\node_modules\express\lib\router\layer.js:95:5)
    at C:\Users\ラナモハマドショヘル\Desktop\learnig_folder\jim_application\node_modules\express\lib\router\index.js:284:15
    at Function.process_params (C:\Users\ラナモハマドショヘル\Desktop\learnig_folder\jim_application\node_modules\express\lib\router\index.js:346:12)
    at next (C:\Users\ラナモハマドショヘル\Desktop\learnig_folder\jim_application\node_modules\express\lib\router\index.js:280:10)
    at Function.handle (C:\Users\ラナモハマドショヘル\Desktop\learnig_folder\jim_application\node_modules\express\lib\router\index.js:175:3)
    at router (C:\Users\ラナモハマドショヘル\Desktop\learnig_folder\jim_application\node_modules\express\lib\router\index.js:47:12)
Timestamp: 2025/3/13 14:10:26
                        Error Message: memberService.getAl is not a function
                        File: file:///C:/Users/%E3%83%A9%E3%83%8A%E3%83%A2%E3%83%8F%E3%83%9E%E3%83%89%E3%82%B7%E3%83%A7%E3%83%98%E3%83%AB/Desktop/learnig_folder/jim_application/src/controllers/memberController.js
                        Method: getAll
                        Line: 7
                        Stack Trace:
                        TypeError: memberService.getAl is not a function
    at getAll (file:///C:/Users/%E3%83%A9%E3%83%8A%E3%83%A2%E3%83%8F%E3%83%9E%E3%83%89%E3%82%B7%E3%83%A7%E3%83%98%E3%83%AB/Desktop/learnig_folder/jim_application/src/controllers/memberController.js:7:49)
    at Layer.handle [as handle_request] (C:\Users\ラナモハマドショヘル\Desktop\learnig_folder\jim_application\node_modules\express\lib\router\layer.js:95:5)
    at next (C:\Users\ラナモハマドショヘル\Desktop\learnig_folder\jim_application\node_modules\express\lib\router\route.js:149:13)
    at Route.dispatch (C:\Users\ラナモハマドショヘル\Desktop\learnig_folder\jim_application\node_modules\express\lib\router\route.js:119:3)
    at Layer.handle [as handle_request] (C:\Users\ラナモハマドショヘル\Desktop\learnig_folder\jim_application\node_modules\express\lib\router\layer.js:95:5)
    at C:\Users\ラナモハマドショヘル\Desktop\learnig_folder\jim_application\node_modules\express\lib\router\index.js:284:15
    at Function.process_params (C:\Users\ラナモハマドショヘル\Desktop\learnig_folder\jim_application\node_modules\express\lib\router\index.js:346:12)
    at next (C:\Users\ラナモハマドショヘル\Desktop\learnig_folder\jim_application\node_modules\express\lib\router\index.js:280:10)
    at Function.handle (C:\Users\ラナモハマドショヘル\Desktop\learnig_folder\jim_application\node_modules\express\lib\router\index.js:175:3)
    at router (C:\Users\ラナモハマドショヘル\Desktop\learnig_folder\jim_application\node_modules\express\lib\router\index.js:47:12)
Timestamp: 2025/3/13 14:11:34
  Error Message: memberService.getAl is not a function
  File: file:///C:/Users/%E3%83%A9%E3%83%8A%E3%83%A2%E3%83%8F%E3%83%9E%E3%83%89%E3%82%B7%E3%83%A7%E3%83%98%E3%83%AB/Desktop/learnig_folder/jim_application/src/controllers/memberController.js
  Method: getAll
  Line: 7
  Stack Trace:
  TypeError: memberService.getAl is not a function
    at getAll (file:///C:/Users/%E3%83%A9%E3%83%8A%E3%83%A2%E3%83%8F%E3%83%9E%E3%83%89%E3%82%B7%E3%83%A7%E3%83%98%E3%83%AB/Desktop/learnig_folder/jim_application/src/controllers/memberController.js:7:49)
    at Layer.handle [as handle_request] (C:\Users\ラナモハマドショヘル\Desktop\learnig_folder\jim_application\node_modules\express\lib\router\layer.js:95:5)
    at next (C:\Users\ラナモハマドショヘル\Desktop\learnig_folder\jim_application\node_modules\express\lib\router\route.js:149:13)
    at Route.dispatch (C:\Users\ラナモハマドショヘル\Desktop\learnig_folder\jim_application\node_modules\express\lib\router\route.js:119:3)
    at Layer.handle [as handle_request] (C:\Users\ラナモハマドショヘル\Desktop\learnig_folder\jim_application\node_modules\express\lib\router\layer.js:95:5)
    at C:\Users\ラナモハマドショヘル\Desktop\learnig_folder\jim_application\node_modules\express\lib\router\index.js:284:15
    at Function.process_params (C:\Users\ラナモハマドショヘル\Desktop\learnig_folder\jim_application\node_modules\express\lib\router\index.js:346:12)
    at next (C:\Users\ラナモハマドショヘル\Desktop\learnig_folder\jim_application\node_modules\express\lib\router\index.js:280:10)
    at Function.handle (C:\Users\ラナモハマドショヘル\Desktop\learnig_folder\jim_application\node_modules\express\lib\router\index.js:175:3)
    at router (C:\Users\ラナモハマドショヘル\Desktop\learnig_folder\jim_application\node_modules\express\lib\router\index.js:47:12)
Timestamp: 2025/3/13 14:12:13
   Error Message: memberService.getAl is not a function
   File: file:///C:/Users/%E3%83%A9%E3%83%8A%E3%83%A2%E3%83%8F%E3%83%9E%E3%83%89%E3%82%B7%E3%83%A7%E3%83%98%E3%83%AB/Desktop/learnig_folder/jim_application/src/controllers/memberController.js
   Method: getAll
   Line: 7
   Stack Trace:
   TypeError: memberService.getAl is not a function
    at getAll (file:///C:/Users/%E3%83%A9%E3%83%8A%E3%83%A2%E3%83%8F%E3%83%9E%E3%83%89%E3%82%B7%E3%83%A7%E3%83%98%E3%83%AB/Desktop/learnig_folder/jim_application/src/controllers/memberController.js:7:49)
    at Layer.handle [as handle_request] (C:\Users\ラナモハマドショヘル\Desktop\learnig_folder\jim_application\node_modules\express\lib\router\layer.js:95:5)
    at next (C:\Users\ラナモハマドショヘル\Desktop\learnig_folder\jim_application\node_modules\express\lib\router\route.js:149:13)
    at Route.dispatch (C:\Users\ラナモハマドショヘル\Desktop\learnig_folder\jim_application\node_modules\express\lib\router\route.js:119:3)
    at Layer.handle [as handle_request] (C:\Users\ラナモハマドショヘル\Desktop\learnig_folder\jim_application\node_modules\express\lib\router\layer.js:95:5)
    at C:\Users\ラナモハマドショヘル\Desktop\learnig_folder\jim_application\node_modules\express\lib\router\index.js:284:15
    at Function.process_params (C:\Users\ラナモハマドショヘル\Desktop\learnig_folder\jim_application\node_modules\express\lib\router\index.js:346:12)
    at next (C:\Users\ラナモハマドショヘル\Desktop\learnig_folder\jim_application\node_modules\express\lib\router\index.js:280:10)
    at Function.handle (C:\Users\ラナモハマドショヘル\Desktop\learnig_folder\jim_application\node_modules\express\lib\router\index.js:175:3)
    at router (C:\Users\ラナモハマドショヘル\Desktop\learnig_folder\jim_application\node_modules\express\lib\router\index.js:47:12)
