2025-03-14 16:24:11 - ERROR: Express server error: listen EADDRINUSE: address already in use :::5000
2025-03-14 16:24:11 - ERROR: Express server error: listen EADDRINUSE: address already in use :::5000
2025-03-14 16:24:11 - ERROR: Express server error: listen EADDRINUSE: address already in use :::5000
2025-03-14 16:24:12 - ERROR: Express server error: listen EADDRINUSE: address already in use :::5000
2025-03-14 16:24:12 - ERROR: Express server error: listen EADDRINUSE: address already in use :::5000
2025-03-14 16:24:33 - ERROR: Express server error: listen EADDRINUSE: address already in use :::5000
2025-03-14 16:25:27 - ERROR: Express server error: listen EADDRINUSE: address already in use :::5000
2025-03-14 16:25:27 - ERROR: Express server error: listen EADDRINUSE: address already in use :::5000
2025-03-14 16:25:27 - ERROR: Express server error: listen EADDRINUSE: address already in use :::5000
2025-03-14 16:25:27 - ERROR: Express server error: listen EADDRINUSE: address already in use :::5000
2025-03-14 16:25:28 - ERROR: Express server error: listen EADDRINUSE: address already in use :::5000
2025-03-14 16:25:28 - ERROR: Express server error: listen EADDRINUSE: address already in use :::5000
2025-03-14 16:25:29 - ERROR: Express server error: listen EADDRINUSE: address already in use :::5000
2025-03-14 16:25:29 - ERROR: Express server error: listen EADDRINUSE: address already in use :::5000
2025-03-14 16:25:29 - ERROR: Express server error: listen EADDRINUSE: address already in use :::5000
2025-03-14 16:25:29 - ERROR: Express server error: listen EADDRINUSE: address already in use :::5000
2025-03-14 16:25:30 - ERROR: Express server error: listen EADDRINUSE: address already in use :::5000
2025-03-14 16:25:30 - ERROR: Express server error: listen EADDRINUSE: address already in use :::5000
2025-03-14 16:25:32 - ERROR: Express server error: listen EADDRINUSE: address already in use :::5000
2025-03-14 16:25:32 - ERROR: Express server error: listen EADDRINUSE: address already in use :::5000
2025-03-14 16:25:32 - ERROR: Express server error: listen EADDRINUSE: address already in use :::5000
2025-03-14 16:25:32 - ERROR: Express server error: listen EADDRINUSE: address already in use :::5000
2025-03-14 16:25:33 - ERROR: Express server error: listen EADDRINUSE: address already in use :::5000
2025-03-14 16:25:33 - ERROR: Express server error: listen EADDRINUSE: address already in use :::5000
2025-03-14 16:25:37 - ERROR: Express server error: listen EADDRINUSE: address already in use :::5000
2025-03-14 16:25:37 - ERROR: Express server error: listen EADDRINUSE: address already in use :::5000
2025-03-14 16:25:37 - ERROR: Express server error: listen EADDRINUSE: address already in use :::5000
2025-03-14 16:25:37 - ERROR: Express server error: listen EADDRINUSE: address already in use :::5000
2025-03-14 16:25:38 - ERROR: Express server error: listen EADDRINUSE: address already in use :::5000
2025-03-14 16:25:38 - ERROR: Express server error: listen EADDRINUSE: address already in use :::5000
2025-03-14 16:25:38 - ERROR: Express server error: listen EADDRINUSE: address already in use :::5000
2025-03-14 16:25:38 - ERROR: Express server error: listen EADDRINUSE: address already in use :::5000
2025-03-14 16:25:38 - ERROR: Express server error: listen EADDRINUSE: address already in use :::5000
2025-03-14 16:25:38 - ERROR: Express server error: listen EADDRINUSE: address already in use :::5000
2025-03-14 16:25:39 - ERROR: Express server error: listen EADDRINUSE: address already in use :::5000
2025-03-14 16:25:39 - ERROR: Express server error: listen EADDRINUSE: address already in use :::5000
2025-03-14 16:25:40 - ERROR: Express server error: listen EADDRINUSE: address already in use :::5000
2025-03-14 16:25:40 - ERROR: Express server error: listen EADDRINUSE: address already in use :::5000
2025-03-14 16:25:40 - ERROR: Express server error: listen EADDRINUSE: address already in use :::5000
2025-03-14 16:25:40 - ERROR: Express server error: listen EADDRINUSE: address already in use :::5000
2025-03-14 16:25:41 - ERROR: Express server error: listen EADDRINUSE: address already in use :::5000
2025-03-14 16:25:41 - ERROR: Express server error: listen EADDRINUSE: address already in use :::5000
2025-03-14 16:25:45 - ERROR: Express server error: listen EADDRINUSE: address already in use :::5000
2025-03-14 16:25:45 - ERROR: Express server error: listen EADDRINUSE: address already in use :::5000
2025-03-14 16:25:45 - ERROR: Express server error: listen EADDRINUSE: address already in use :::5000
2025-03-14 16:25:45 - ERROR: Express server error: listen EADDRINUSE: address already in use :::5000
2025-03-14 16:25:46 - ERROR: Express server error: listen EADDRINUSE: address already in use :::5000
2025-03-14 16:25:46 - ERROR: Express server error: listen EADDRINUSE: address already in use :::5000
2025-03-14 16:25:51 - ERROR: Express server error: listen EADDRINUSE: address already in use :::5000
2025-03-14 16:25:51 - ERROR: Express server error: listen EADDRINUSE: address already in use :::5000
2025-03-14 16:25:51 - ERROR: Express server error: listen EADDRINUSE: address already in use :::5000
2025-03-14 16:25:51 - ERROR: Express server error: listen EADDRINUSE: address already in use :::5000
2025-03-14 16:25:52 - ERROR: Express server error: listen EADDRINUSE: address already in use :::5000
2025-03-14 16:25:52 - ERROR: Express server error: listen EADDRINUSE: address already in use :::5000
2025-03-14 16:25:53 - ERROR: Express server error: listen EADDRINUSE: address already in use :::5000
2025-03-14 16:25:53 - ERROR: Express server error: listen EADDRINUSE: address already in use :::5000
2025-03-14 16:25:53 - ERROR: Express server error: listen EADDRINUSE: address already in use :::5000
2025-03-14 16:25:53 - ERROR: Express server error: listen EADDRINUSE: address already in use :::5000
2025-03-14 16:25:54 - ERROR: Express server error: listen EADDRINUSE: address already in use :::5000
2025-03-14 16:25:54 - ERROR: Express server error: listen EADDRINUSE: address already in use :::5000
2025-03-14 16:25:56 - ERROR: Express server error: listen EADDRINUSE: address already in use :::5000
2025-03-14 16:25:56 - ERROR: Express server error: listen EADDRINUSE: address already in use :::5000
2025-03-14 16:25:56 - ERROR: Express server error: listen EADDRINUSE: address already in use :::5000
2025-03-14 16:25:56 - ERROR: Express server error: listen EADDRINUSE: address already in use :::5000
2025-03-14 16:25:57 - ERROR: Express server error: listen EADDRINUSE: address already in use :::5000
2025-03-14 16:25:57 - ERROR: Express server error: listen EADDRINUSE: address already in use :::5000
2025-03-14 16:26:02 - ERROR: Express server error: listen EADDRINUSE: address already in use :::5000
2025-03-14 16:26:02 - ERROR: Express server error: listen EADDRINUSE: address already in use :::5000
2025-03-14 16:26:02 - ERROR: Express server error: listen EADDRINUSE: address already in use :::5000
2025-03-14 16:26:03 - ERROR: Express server error: listen EADDRINUSE: address already in use :::5000
2025-03-14 16:26:03 - ERROR: Express server error: listen EADDRINUSE: address already in use :::5000
2025-03-14 16:26:03 - ERROR: Express server error: listen EADDRINUSE: address already in use :::5000
2025-03-14 16:26:07 - ERROR: Express server error: listen EADDRINUSE: address already in use :::5000
2025-03-14 16:26:07 - ERROR: Express server error: listen EADDRINUSE: address already in use :::5000
2025-03-14 16:26:07 - ERROR: Express server error: listen EADDRINUSE: address already in use :::5000
2025-03-14 16:26:08 - ERROR: Express server error: listen EADDRINUSE: address already in use :::5000
2025-03-14 16:26:08 - ERROR: Express server error: listen EADDRINUSE: address already in use :::5000
2025-03-14 16:26:08 - ERROR: Express server error: listen EADDRINUSE: address already in use :::5000
2025-03-14 16:26:36 - ERROR: Express server error: listen EADDRINUSE: address already in use :::5000
2025-03-14 16:29:47 - ERROR: Could not free port 5000. Please manually close the application using this port.
2025-03-14 16:29:47 - ERROR: Could not free port 5000. Please manually close the application using this port.
2025-03-14 16:29:47 - ERROR: Could not free port 5000. Please manually close the application using this port.
2025-03-14 16:29:48 - ERROR: Could not free port 5000. Please manually close the application using this port.
2025-03-14 16:30:00 - ERROR: Could not free port 5000. Please manually close the application using this port.
2025-03-14 16:31:38 - ERROR: Error rendering workouts page: Failed to retrieve workouts
2025-03-14 16:31:38 - ERROR: 
🕒 Timestamp: 2025/3/14 16:31:38
❗ Error Message: Failed to retrieve workouts
📂 File Path: file:///C:/Users/%E3%83%A9%E3%83%8A%E3%83%A2%E3%83%8F%E3%83%9E%E3%83%89%E3%82%B7%E3%83%A7%E3%83%98%E3%83%AB/Desktop/learnig_folder/jim_application/src/backend/services/workoutService.js
🔧 Method Name: Object.getAll
📍 Line Number: 13

🧩 Stack Trace:
CustomError: Failed to retrieve workouts
    at Object.getAll (file:///C:/Users/%E3%83%A9%E3%83%8A%E3%83%A2%E3%83%8F%E3%83%9E%E3%83%89%E3%82%B7%E3%83%A7%E3%83%98%E3%83%AB/Desktop/learnig_folder/jim_application/src/backend/services/workoutService.js:13:13)
    at process.processTicksAndRejections (node:internal/process/task_queues:105:5)
    at async renderAllWorkouts (file:///C:/Users/%E3%83%A9%E3%83%8A%E3%83%A2%E3%83%8F%E3%83%9E%E3%83%89%E3%82%B7%E3%83%A7%E3%83%98%E3%83%AB/Desktop/learnig_folder/jim_application/src/frontend/controllers/workoutViewController.js:10:24)

2025-03-14 16:31:42 - ERROR: Error rendering records page: Failed to retrieve workouts
2025-03-14 16:31:42 - ERROR: 
🕒 Timestamp: 2025/3/14 16:31:42
❗ Error Message: Failed to retrieve workouts
📂 File Path: file:///C:/Users/%E3%83%A9%E3%83%8A%E3%83%A2%E3%83%8F%E3%83%9E%E3%83%89%E3%82%B7%E3%83%A7%E3%83%98%E3%83%AB/Desktop/learnig_folder/jim_application/src/backend/services/workoutService.js
🔧 Method Name: Object.getAll
📍 Line Number: 13

🧩 Stack Trace:
CustomError: Failed to retrieve workouts
    at Object.getAll (file:///C:/Users/%E3%83%A9%E3%83%8A%E3%83%A2%E3%83%8F%E3%83%9E%E3%83%89%E3%82%B7%E3%83%A7%E3%83%98%E3%83%AB/Desktop/learnig_folder/jim_application/src/backend/services/workoutService.js:13:13)
    at process.processTicksAndRejections (node:internal/process/task_queues:105:5)
    at async Promise.all (index 2)
    at async renderAllRecords (file:///C:/Users/%E3%83%A9%E3%83%8A%E3%83%A2%E3%83%8F%E3%83%9E%E3%83%89%E3%82%B7%E3%83%A7%E3%83%98%E3%83%AB/Desktop/learnig_folder/jim_application/src/frontend/controllers/recordViewController.js:12:44)

2025-03-14 16:31:48 - ERROR: Error rendering workouts page: Failed to retrieve workouts
2025-03-14 16:31:48 - ERROR: 
🕒 Timestamp: 2025/3/14 16:31:48
❗ Error Message: Failed to retrieve workouts
📂 File Path: file:///C:/Users/%E3%83%A9%E3%83%8A%E3%83%A2%E3%83%8F%E3%83%9E%E3%83%89%E3%82%B7%E3%83%A7%E3%83%98%E3%83%AB/Desktop/learnig_folder/jim_application/src/backend/services/workoutService.js
🔧 Method Name: Object.getAll
📍 Line Number: 13

🧩 Stack Trace:
CustomError: Failed to retrieve workouts
    at Object.getAll (file:///C:/Users/%E3%83%A9%E3%83%8A%E3%83%A2%E3%83%8F%E3%83%9E%E3%83%89%E3%82%B7%E3%83%A7%E3%83%98%E3%83%AB/Desktop/learnig_folder/jim_application/src/backend/services/workoutService.js:13:13)
    at process.processTicksAndRejections (node:internal/process/task_queues:105:5)
    at async renderAllWorkouts (file:///C:/Users/%E3%83%A9%E3%83%8A%E3%83%A2%E3%83%8F%E3%83%9E%E3%83%89%E3%82%B7%E3%83%A7%E3%83%98%E3%83%AB/Desktop/learnig_folder/jim_application/src/frontend/controllers/workoutViewController.js:10:24)

2025-03-14 16:31:52 - ERROR: Error rendering workouts page: Failed to retrieve workouts
2025-03-14 16:31:52 - ERROR: 
🕒 Timestamp: 2025/3/14 16:31:52
❗ Error Message: Failed to retrieve workouts
📂 File Path: file:///C:/Users/%E3%83%A9%E3%83%8A%E3%83%A2%E3%83%8F%E3%83%9E%E3%83%89%E3%82%B7%E3%83%A7%E3%83%98%E3%83%AB/Desktop/learnig_folder/jim_application/src/backend/services/workoutService.js
🔧 Method Name: Object.getAll
📍 Line Number: 13

🧩 Stack Trace:
CustomError: Failed to retrieve workouts
    at Object.getAll (file:///C:/Users/%E3%83%A9%E3%83%8A%E3%83%A2%E3%83%8F%E3%83%9E%E3%83%89%E3%82%B7%E3%83%A7%E3%83%98%E3%83%AB/Desktop/learnig_folder/jim_application/src/backend/services/workoutService.js:13:13)
    at process.processTicksAndRejections (node:internal/process/task_queues:105:5)
    at async renderAllWorkouts (file:///C:/Users/%E3%83%A9%E3%83%8A%E3%83%A2%E3%83%8F%E3%83%9E%E3%83%89%E3%82%B7%E3%83%A7%E3%83%98%E3%83%AB/Desktop/learnig_folder/jim_application/src/frontend/controllers/workoutViewController.js:10:24)

2025-03-14 16:31:55 - ERROR: Error rendering records page: Failed to retrieve workouts
2025-03-14 16:31:55 - ERROR: 
🕒 Timestamp: 2025/3/14 16:31:55
❗ Error Message: Failed to retrieve workouts
📂 File Path: file:///C:/Users/%E3%83%A9%E3%83%8A%E3%83%A2%E3%83%8F%E3%83%9E%E3%83%89%E3%82%B7%E3%83%A7%E3%83%98%E3%83%AB/Desktop/learnig_folder/jim_application/src/backend/services/workoutService.js
🔧 Method Name: Object.getAll
📍 Line Number: 13

🧩 Stack Trace:
CustomError: Failed to retrieve workouts
    at Object.getAll (file:///C:/Users/%E3%83%A9%E3%83%8A%E3%83%A2%E3%83%8F%E3%83%9E%E3%83%89%E3%82%B7%E3%83%A7%E3%83%98%E3%83%AB/Desktop/learnig_folder/jim_application/src/backend/services/workoutService.js:13:13)
    at process.processTicksAndRejections (node:internal/process/task_queues:105:5)
    at async Promise.all (index 2)
    at async renderAllRecords (file:///C:/Users/%E3%83%A9%E3%83%8A%E3%83%A2%E3%83%8F%E3%83%9E%E3%83%89%E3%82%B7%E3%83%A7%E3%83%98%E3%83%AB/Desktop/learnig_folder/jim_application/src/frontend/controllers/recordViewController.js:12:44)

2025-03-14 16:32:57 - ERROR: Could not free port 5000. Please manually close the application using this port.
2025-03-14 16:32:57 - ERROR: Could not free port 5000. Please manually close the application using this port.
2025-03-14 16:32:57 - ERROR: Could not free port 5000. Please manually close the application using this port.
2025-03-14 16:32:57 - ERROR: Could not free port 5000. Please manually close the application using this port.
2025-03-14 16:33:16 - ERROR: Could not free port 5000. Please manually close the application using this port.
2025-03-14 16:33:16 - ERROR: Could not free port 5000. Please manually close the application using this port.
2025-03-14 16:33:16 - ERROR: Could not free port 5000. Please manually close the application using this port.
2025-03-14 16:33:16 - ERROR: Could not free port 5000. Please manually close the application using this port.
2025-03-14 16:33:34 - ERROR: Could not free port 5000. Please manually close the application using this port.
2025-03-14 16:33:34 - ERROR: Could not free port 5000. Please manually close the application using this port.
2025-03-14 16:33:34 - ERROR: Could not free port 5000. Please manually close the application using this port.
2025-03-14 16:33:34 - ERROR: Could not free port 5000. Please manually close the application using this port.
2025-03-14 16:33:48 - ERROR: Could not free port 5000. Please manually close the application using this port.
2025-03-14 16:33:48 - ERROR: Could not free port 5000. Please manually close the application using this port.
2025-03-14 16:33:48 - ERROR: Could not free port 5000. Please manually close the application using this port.
2025-03-14 16:33:48 - ERROR: Could not free port 5000. Please manually close the application using this port.
2025-03-14 16:34:06 - ERROR: Could not free port 5000. Please manually close the application using this port.
2025-03-14 16:34:06 - ERROR: Could not free port 5000. Please manually close the application using this port.
2025-03-14 16:34:06 - ERROR: Could not free port 5000. Please manually close the application using this port.
2025-03-14 16:34:06 - ERROR: Could not free port 5000. Please manually close the application using this port.
2025-03-14 16:34:22 - ERROR: Could not free port 5000. Please manually close the application using this port.
2025-03-14 16:34:22 - ERROR: Could not free port 5000. Please manually close the application using this port.
2025-03-14 16:34:22 - ERROR: Could not free port 5000. Please manually close the application using this port.
2025-03-14 16:34:22 - ERROR: Could not free port 5000. Please manually close the application using this port.
2025-03-14 16:34:33 - ERROR: Could not free port 5000. Please manually close the application using this port.
2025-03-14 16:36:42 - ERROR: 
🕒 Timestamp: 2025/3/14 16:36:42
❗ Error Message: Failed to create workout
📂 File Path: file:///C:/Users/%E3%83%A9%E3%83%8A%E3%83%A2%E3%83%8F%E3%83%9E%E3%83%89%E3%82%B7%E3%83%A7%E3%83%98%E3%83%AB/Desktop/learnig_folder/jim_application/src/backend/services/workoutService.js
🔧 Method Name: Object.create
📍 Line Number: 32

🧩 Stack Trace:
CustomError: Failed to create workout
    at Object.create (file:///C:/Users/%E3%83%A9%E3%83%8A%E3%83%A2%E3%83%8F%E3%83%9E%E3%83%89%E3%82%B7%E3%83%A7%E3%83%98%E3%83%AB/Desktop/learnig_folder/jim_application/src/backend/services/workoutService.js:32:13)
    at process.processTicksAndRejections (node:internal/process/task_queues:105:5)
    at async create (file:///C:/Users/%E3%83%A9%E3%83%8A%E3%83%A2%E3%83%8F%E3%83%9E%E3%83%89%E3%82%B7%E3%83%A7%E3%83%98%E3%83%AB/Desktop/learnig_folder/jim_application/src/backend/controllers/workoutController.js:57:26)

2025-03-14 16:37:05 - ERROR: 
🕒 Timestamp: 2025/3/14 16:37:05
❗ Error Message: Failed to create member
📂 File Path: file:///C:/Users/%E3%83%A9%E3%83%8A%E3%83%A2%E3%83%8F%E3%83%9E%E3%83%89%E3%82%B7%E3%83%A7%E3%83%98%E3%83%AB/Desktop/learnig_folder/jim_application/src/backend/services/memberService.js
🔧 Method Name: Object.create
📍 Line Number: 37

🧩 Stack Trace:
CustomError: Failed to create member
    at Object.create (file:///C:/Users/%E3%83%A9%E3%83%8A%E3%83%A2%E3%83%8F%E3%83%9E%E3%83%89%E3%82%B7%E3%83%A7%E3%83%98%E3%83%AB/Desktop/learnig_folder/jim_application/src/backend/services/memberService.js:37:13)
    at process.processTicksAndRejections (node:internal/process/task_queues:105:5)
    at async create (file:///C:/Users/%E3%83%A9%E3%83%8A%E3%83%A2%E3%83%8F%E3%83%9E%E3%83%89%E3%82%B7%E3%83%A7%E3%83%98%E3%83%AB/Desktop/learnig_folder/jim_application/src/backend/controllers/memberController.js:61:25)

2025-03-14 16:38:13 - ERROR: Could not free port 5000. Please manually close the application using this port.
2025-03-14 16:38:13 - ERROR: Could not free port 5000. Please manually close the application using this port.
2025-03-14 16:38:13 - ERROR: Could not free port 5000. Please manually close the application using this port.
2025-03-14 16:38:13 - ERROR: Could not free port 5000. Please manually close the application using this port.
2025-03-14 16:38:14 - ERROR: Could not free port 5000. Please manually close the application using this port.
2025-03-14 16:38:35 - ERROR: Could not free port 5000. Please manually close the application using this port.
2025-03-14 16:38:35 - ERROR: Could not free port 5000. Please manually close the application using this port.
2025-03-14 16:38:35 - ERROR: Could not free port 5000. Please manually close the application using this port.
2025-03-14 16:38:35 - ERROR: Could not free port 5000. Please manually close the application using this port.
2025-03-14 16:38:36 - ERROR: Could not free port 5000. Please manually close the application using this port.
2025-03-14 16:42:51 - ERROR: Could not free port 5000. Please manually close the application using this port.
2025-03-14 16:42:51 - ERROR: Could not free port 5000. Please manually close the application using this port.
2025-03-14 16:42:51 - ERROR: Could not free port 5000. Please manually close the application using this port.
2025-03-14 16:43:23 - ERROR: Could not free port 5000. Please manually close the application using this port.
2025-03-14 16:43:23 - ERROR: Could not free port 5000. Please manually close the application using this port.
2025-03-14 16:43:23 - ERROR: Could not free port 5000. Please manually close the application using this port.
2025-03-14 16:43:52 - ERROR: Could not free port 5000. Please manually close the application using this port.
2025-03-14 16:43:52 - ERROR: Could not free port 5000. Please manually close the application using this port.
2025-03-14 16:43:52 - ERROR: Could not free port 5000. Please manually close the application using this port.
2025-03-14 16:44:20 - ERROR: Could not free port 5000. Please manually close the application using this port.
2025-03-14 16:44:20 - ERROR: Could not free port 5000. Please manually close the application using this port.
2025-03-14 16:44:20 - ERROR: Could not free port 5000. Please manually close the application using this port.
2025-03-14 16:44:39 - ERROR: Could not free port 5000. Please manually close the application using this port.
2025-03-14 16:45:28 - ERROR: Error creating member: Invalid phone number format
2025-03-14 16:45:38 - ERROR: Error creating member: Invalid phone number format
2025-03-14 16:45:42 - ERROR: Error creating member: Invalid phone number format
2025-03-14 16:46:40 - ERROR: Could not free port 5000. Please manually close the application using this port.
2025-03-14 16:46:40 - ERROR: Could not free port 5000. Please manually close the application using this port.
2025-03-14 16:46:40 - ERROR: Could not free port 5000. Please manually close the application using this port.
2025-03-14 16:46:40 - ERROR: Could not free port 5000. Please manually close the application using this port.
2025-03-14 16:46:41 - ERROR: Could not free port 5000. Please manually close the application using this port.
2025-03-14 16:46:52 - ERROR: Could not free port 5000. Please manually close the application using this port.
2025-03-14 16:46:52 - ERROR: Could not free port 5000. Please manually close the application using this port.
2025-03-14 16:46:52 - ERROR: Could not free port 5000. Please manually close the application using this port.
2025-03-14 16:46:52 - ERROR: Could not free port 5000. Please manually close the application using this port.
2025-03-14 16:46:53 - ERROR: Could not free port 5000. Please manually close the application using this port.
2025-03-14 16:47:01 - ERROR: Could not free port 5000. Please manually close the application using this port.
2025-03-14 16:48:40 - ERROR: Error creating workout: Missing required fields: member, workoutType, duration, date, caloriesBurned
2025-03-14 16:49:05 - ERROR: Error creating workout: Missing required fields: member, workoutType, duration, date, caloriesBurned
2025-03-14 16:50:47 - ERROR: Could not free port 5000. Please manually close the application using this port.
2025-03-14 16:50:47 - ERROR: Could not free port 5000. Please manually close the application using this port.
2025-03-14 16:50:47 - ERROR: Could not free port 5000. Please manually close the application using this port.
2025-03-14 16:50:47 - ERROR: Could not free port 5000. Please manually close the application using this port.
2025-03-14 16:51:06 - ERROR: Could not free port 5000. Please manually close the application using this port.
2025-03-14 16:51:06 - ERROR: Could not free port 5000. Please manually close the application using this port.
2025-03-14 16:51:06 - ERROR: Could not free port 5000. Please manually close the application using this port.
2025-03-14 16:51:06 - ERROR: Could not free port 5000. Please manually close the application using this port.
2025-03-14 16:51:07 - ERROR: Could not free port 5000. Please manually close the application using this port.
2025-03-14 16:51:07 - ERROR: Could not free port 5000. Please manually close the application using this port.
2025-03-14 16:51:07 - ERROR: Could not free port 5000. Please manually close the application using this port.
2025-03-14 16:53:34 - ERROR: Error creating record: Missing required fields: recordType, value
2025-03-14 16:55:04 - ERROR: Could not free port 5000. Please manually close the application using this port.
2025-03-14 16:55:04 - ERROR: Could not free port 5000. Please manually close the application using this port.
2025-03-14 16:55:04 - ERROR: Could not free port 5000. Please manually close the application using this port.
2025-03-14 16:55:04 - ERROR: Could not free port 5000. Please manually close the application using this port.
2025-03-14 16:55:23 - ERROR: Could not free port 5000. Please manually close the application using this port.
2025-03-14 16:55:23 - ERROR: Could not free port 5000. Please manually close the application using this port.
2025-03-14 16:55:23 - ERROR: Could not free port 5000. Please manually close the application using this port.
2025-03-14 16:55:23 - ERROR: Could not free port 5000. Please manually close the application using this port.
2025-03-14 16:55:24 - ERROR: Could not free port 5000. Please manually close the application using this port.
2025-03-14 16:55:24 - ERROR: Could not free port 5000. Please manually close the application using this port.
2025-03-14 16:55:24 - ERROR: Could not free port 5000. Please manually close the application using this port.
2025-03-14 16:55:24 - ERROR: Could not free port 5000. Please manually close the application using this port.
2025-03-14 16:57:08 - ERROR: 
🕒 Timestamp: 2025/3/14 16:57:08
❗ Error Message: C:\Users\ラナモハマドショヘル\Desktop\learnig_folder\jim_application\views\memberDetails.ejs:28
    26|                                 <p class="text-gray-600"><span class="font-medium">Email:</span> <%= member.email %></p>
    27|                                 <p class="text-gray-600"><span class="font-medium">Phone:</span> <%= member.phone %></p>
 >> 28|                                 <p class="text-gray-600"><span class="font-medium">Gender:</span> <%= member.gender.charAt(0).toUpperCase() + member.gender.slice(1) %></p>
    29|                             </div>
    30|                         </div>
    31|                     </div>

Cannot read properties of undefined (reading 'charAt')
📂 File Path: Unknown
🔧 Method Name: Unknown
📍 Line Number: Unknown

🧩 Stack Trace:
TypeError: C:\Users\ラナモハマドショヘル\Desktop\learnig_folder\jim_application\views\memberDetails.ejs:28
    26|                                 <p class="text-gray-600"><span class="font-medium">Email:</span> <%= member.email %></p>
    27|                                 <p class="text-gray-600"><span class="font-medium">Phone:</span> <%= member.phone %></p>
 >> 28|                                 <p class="text-gray-600"><span class="font-medium">Gender:</span> <%= member.gender.charAt(0).toUpperCase() + member.gender.slice(1) %></p>
    29|                             </div>
    30|                         </div>
    31|                     </div>

Cannot read properties of undefined (reading 'charAt')
    at eval ("C:\\Users\\ラナモハマドショヘル\\Desktop\\learnig_folder\\jim_application\\views\\memberDetails.ejs":30:40)
    at memberDetails (C:\Users\ラナモハマドショヘル\Desktop\learnig_folder\jim_application\node_modules\ejs\lib\ejs.js:703:17)
    at tryHandleCache (C:\Users\ラナモハマドショヘル\Desktop\learnig_folder\jim_application\node_modules\ejs\lib\ejs.js:274:36)
    at exports.renderFile [as engine] (C:\Users\ラナモハマドショヘル\Desktop\learnig_folder\jim_application\node_modules\ejs\lib\ejs.js:491:10)
    at View.render (C:\Users\ラナモハマドショヘル\Desktop\learnig_folder\jim_application\node_modules\express\lib\view.js:135:8)
    at tryRender (C:\Users\ラナモハマドショヘル\Desktop\learnig_folder\jim_application\node_modules\express\lib\application.js:657:10)
    at Function.render (C:\Users\ラナモハマドショヘル\Desktop\learnig_folder\jim_application\node_modules\express\lib\application.js:609:3)
    at ServerResponse.render (C:\Users\ラナモハマドショヘル\Desktop\learnig_folder\jim_application\node_modules\express\lib\response.js:1049:7)
    at renderMemberDetails (file:///C:/Users/%E3%83%A9%E3%83%8A%E3%83%A2%E3%83%8F%E3%83%9E%E3%83%89%E3%82%B7%E3%83%A7%E3%83%98%E3%83%AB/Desktop/learnig_folder/jim_application/src/frontend/controllers/memberViewController.js:48:11)
    at process.processTicksAndRejections (node:internal/process/task_queues:105:5)

2025-03-14 17:00:15 - ERROR: Could not free port 5000. Please manually close the application using this port.
2025-03-14 17:00:15 - ERROR: Could not free port 5000. Please manually close the application using this port.
2025-03-14 17:00:15 - ERROR: Could not free port 5000. Please manually close the application using this port.
2025-03-14 17:00:17 - ERROR: Could not free port 5000. Please manually close the application using this port.
2025-03-14 17:00:17 - ERROR: Could not free port 5000. Please manually close the application using this port.
2025-03-14 17:00:17 - ERROR: Could not free port 5000. Please manually close the application using this port.
2025-03-14 17:00:17 - ERROR: Could not free port 5000. Please manually close the application using this port.
2025-03-14 17:00:17 - ERROR: Could not free port 5000. Please manually close the application using this port.
2025-03-14 17:00:17 - ERROR: Could not free port 5000. Please manually close the application using this port.
2025-03-14 17:01:34 - ERROR: Could not free port 5000. Please manually close the application using this port.
2025-03-14 17:01:34 - ERROR: Could not free port 5000. Please manually close the application using this port.
2025-03-14 17:01:34 - ERROR: Could not free port 5000. Please manually close the application using this port.
2025-03-14 17:01:43 - ERROR: Could not free port 5000. Please manually close the application using this port.
