Timestamp: 2025/3/14 11:14:30
   Error Message: memberService.getAl is not a function
   File: file:///C:/Users/%E3%83%A9%E3%83%8A%E3%83%A2%E3%83%8F%E3%83%9E%E3%83%89%E3%82%B7%E3%83%A7%E3%83%98%E3%83%AB/Desktop/learnig_folder/jim_application/src/controllers/memberController.js
   Method: getAll
   Line: 7
   Stack Trace:
   TypeError: memberService.getAl is not a function
    at getAll (file:///C:/Users/%E3%83%A9%E3%83%8A%E3%83%A2%E3%83%8F%E3%83%9E%E3%83%89%E3%82%B7%E3%83%A7%E3%83%98%E3%83%AB/Desktop/learnig_folder/jim_application/src/controllers/memberController.js:7:49)
    at Layer.handle [as handle_request] (C:\Users\ラナモハマドショヘル\Desktop\learnig_folder\jim_application\node_modules\express\lib\router\layer.js:95:5)
    at next (C:\Users\ラナモハマドショヘル\Desktop\learnig_folder\jim_application\node_modules\express\lib\router\route.js:149:13)
    at Route.dispatch (C:\Users\ラナモハマドショヘル\Desktop\learnig_folder\jim_application\node_modules\express\lib\router\route.js:119:3)
    at Layer.handle [as handle_request] (C:\Users\ラナモハマドショヘル\Desktop\learnig_folder\jim_application\node_modules\express\lib\router\layer.js:95:5)
    at C:\Users\ラナモハマドショヘル\Desktop\learnig_folder\jim_application\node_modules\express\lib\router\index.js:284:15
    at Function.process_params (C:\Users\ラナモハマドショヘル\Desktop\learnig_folder\jim_application\node_modules\express\lib\router\index.js:346:12)
    at next (C:\Users\ラナモハマドショヘル\Desktop\learnig_folder\jim_application\node_modules\express\lib\router\index.js:280:10)
    at Function.handle (C:\Users\ラナモハマドショヘル\Desktop\learnig_folder\jim_application\node_modules\express\lib\router\index.js:175:3)
    at router (C:\Users\ラナモハマドショヘル\Desktop\learnig_folder\jim_application\node_modules\express\lib\router\index.js:47:12)
uncaughtException: colors[Colorizer.allColors[lookup]] is not a function
TypeError: colors[Colorizer.allColors[lookup]] is not a function
    at Colorizer.colorize (C:\Users\ラナモハマドショヘル\Desktop\learnig_folder\jim_application\node_modules\logform\colorize.js:73:49)
    at Printf.template (file:///C:/Users/%E3%83%A9%E3%83%8A%E3%83%A2%E3%83%8F%E3%83%9E%E3%83%89%E3%82%B7%E3%83%A7%E3%83%98%E3%83%AB/Desktop/learnig_folder/jim_application/src/config/logger.js:109:35)
    at Printf.transform (C:\Users\ラナモハマドショヘル\Desktop\learnig_folder\jim_application\node_modules\logform\printf.js:11:26)
    at Format.transform (C:\Users\ラナモハマドショヘル\Desktop\learnig_folder\jim_application\node_modules\logform\combine.js:20:24)
    at Console._write (C:\Users\ラナモハマドショヘル\Desktop\learnig_folder\jim_application\node_modules\winston-transport\modern.js:91:33)
    at doWrite (C:\Users\ラナモハマドショヘル\Desktop\learnig_folder\jim_application\node_modules\readable-stream\lib\_stream_writable.js:390:139)
    at writeOrBuffer (C:\Users\ラナモハマドショヘル\Desktop\learnig_folder\jim_application\node_modules\readable-stream\lib\_stream_writable.js:381:5)
    at Writable.write (C:\Users\ラナモハマドショヘル\Desktop\learnig_folder\jim_application\node_modules\readable-stream\lib\_stream_writable.js:302:11)
    at DerivedLogger.ondata (C:\Users\ラナモハマドショヘル\Desktop\learnig_folder\jim_application\node_modules\readable-stream\lib\_stream_readable.js:629:20)
    at DerivedLogger.emit (node:events:530:35)
uncaughtException: colors[Colorizer.allColors[lookup]] is not a function
TypeError: colors[Colorizer.allColors[lookup]] is not a function
    at Colorizer.colorize (C:\Users\ラナモハマドショヘル\Desktop\learnig_folder\jim_application\node_modules\logform\colorize.js:73:49)
    at Printf.template (file:///C:/Users/%E3%83%A9%E3%83%8A%E3%83%A2%E3%83%8F%E3%83%9E%E3%83%89%E3%82%B7%E3%83%A7%E3%83%98%E3%83%AB/Desktop/learnig_folder/jim_application/src/config/logger.js:109:35)
    at Printf.transform (C:\Users\ラナモハマドショヘル\Desktop\learnig_folder\jim_application\node_modules\logform\printf.js:11:26)
    at Format.transform (C:\Users\ラナモハマドショヘル\Desktop\learnig_folder\jim_application\node_modules\logform\combine.js:20:24)
    at Console._write (C:\Users\ラナモハマドショヘル\Desktop\learnig_folder\jim_application\node_modules\winston-transport\modern.js:91:33)
    at doWrite (C:\Users\ラナモハマドショヘル\Desktop\learnig_folder\jim_application\node_modules\readable-stream\lib\_stream_writable.js:390:139)
    at writeOrBuffer (C:\Users\ラナモハマドショヘル\Desktop\learnig_folder\jim_application\node_modules\readable-stream\lib\_stream_writable.js:381:5)
    at Writable.write (C:\Users\ラナモハマドショヘル\Desktop\learnig_folder\jim_application\node_modules\readable-stream\lib\_stream_writable.js:302:11)
    at DerivedLogger.ondata (C:\Users\ラナモハマドショヘル\Desktop\learnig_folder\jim_application\node_modules\readable-stream\lib\_stream_readable.js:629:20)
    at DerivedLogger.emit (node:events:530:35)
uncaughtException: colors[Colorizer.allColors[lookup]] is not a function
TypeError: colors[Colorizer.allColors[lookup]] is not a function
    at Colorizer.colorize (C:\Users\ラナモハマドショヘル\Desktop\learnig_folder\jim_application\node_modules\logform\colorize.js:73:49)
    at Printf.template (file:///C:/Users/%E3%83%A9%E3%83%8A%E3%83%A2%E3%83%8F%E3%83%9E%E3%83%89%E3%82%B7%E3%83%A7%E3%83%98%E3%83%AB/Desktop/learnig_folder/jim_application/src/config/logger.js:109:35)
    at Printf.transform (C:\Users\ラナモハマドショヘル\Desktop\learnig_folder\jim_application\node_modules\logform\printf.js:11:26)
    at Format.transform (C:\Users\ラナモハマドショヘル\Desktop\learnig_folder\jim_application\node_modules\logform\combine.js:20:24)
    at Console._write (C:\Users\ラナモハマドショヘル\Desktop\learnig_folder\jim_application\node_modules\winston-transport\modern.js:91:33)
    at doWrite (C:\Users\ラナモハマドショヘル\Desktop\learnig_folder\jim_application\node_modules\readable-stream\lib\_stream_writable.js:390:139)
    at writeOrBuffer (C:\Users\ラナモハマドショヘル\Desktop\learnig_folder\jim_application\node_modules\readable-stream\lib\_stream_writable.js:381:5)
    at Writable.write (C:\Users\ラナモハマドショヘル\Desktop\learnig_folder\jim_application\node_modules\readable-stream\lib\_stream_writable.js:302:11)
    at DerivedLogger.ondata (C:\Users\ラナモハマドショヘル\Desktop\learnig_folder\jim_application\node_modules\readable-stream\lib\_stream_readable.js:629:20)
    at DerivedLogger.emit (node:events:530:35)
uncaughtException: colors[Colorizer.allColors[lookup]] is not a function
TypeError: colors[Colorizer.allColors[lookup]] is not a function
    at Colorizer.colorize (C:\Users\ラナモハマドショヘル\Desktop\learnig_folder\jim_application\node_modules\logform\colorize.js:73:49)
    at Printf.template (file:///C:/Users/%E3%83%A9%E3%83%8A%E3%83%A2%E3%83%8F%E3%83%9E%E3%83%89%E3%82%B7%E3%83%A7%E3%83%98%E3%83%AB/Desktop/learnig_folder/jim_application/src/config/logger.js:109:35)
    at Printf.transform (C:\Users\ラナモハマドショヘル\Desktop\learnig_folder\jim_application\node_modules\logform\printf.js:11:26)
    at Format.transform (C:\Users\ラナモハマドショヘル\Desktop\learnig_folder\jim_application\node_modules\logform\combine.js:20:24)
    at Console._write (C:\Users\ラナモハマドショヘル\Desktop\learnig_folder\jim_application\node_modules\winston-transport\modern.js:91:33)
    at doWrite (C:\Users\ラナモハマドショヘル\Desktop\learnig_folder\jim_application\node_modules\readable-stream\lib\_stream_writable.js:390:139)
    at writeOrBuffer (C:\Users\ラナモハマドショヘル\Desktop\learnig_folder\jim_application\node_modules\readable-stream\lib\_stream_writable.js:381:5)
    at Writable.write (C:\Users\ラナモハマドショヘル\Desktop\learnig_folder\jim_application\node_modules\readable-stream\lib\_stream_writable.js:302:11)
    at DerivedLogger.ondata (C:\Users\ラナモハマドショヘル\Desktop\learnig_folder\jim_application\node_modules\readable-stream\lib\_stream_readable.js:629:20)
    at DerivedLogger.emit (node:events:530:35)
Timestamp: 2025/3/14 11:20:03
   Error Message: memberService.getAl is not a function
   File: file:///C:/Users/%E3%83%A9%E3%83%8A%E3%83%A2%E3%83%8F%E3%83%9E%E3%83%89%E3%82%B7%E3%83%A7%E3%83%98%E3%83%AB/Desktop/learnig_folder/jim_application/src/controllers/memberController.js
   Method: getAll
   Line: 7
   Stack Trace:
   TypeError: memberService.getAl is not a function
    at getAll (file:///C:/Users/%E3%83%A9%E3%83%8A%E3%83%A2%E3%83%8F%E3%83%9E%E3%83%89%E3%82%B7%E3%83%A7%E3%83%98%E3%83%AB/Desktop/learnig_folder/jim_application/src/controllers/memberController.js:7:49)
    at Layer.handle [as handle_request] (C:\Users\ラナモハマドショヘル\Desktop\learnig_folder\jim_application\node_modules\express\lib\router\layer.js:95:5)
    at next (C:\Users\ラナモハマドショヘル\Desktop\learnig_folder\jim_application\node_modules\express\lib\router\route.js:149:13)
    at Route.dispatch (C:\Users\ラナモハマドショヘル\Desktop\learnig_folder\jim_application\node_modules\express\lib\router\route.js:119:3)
    at Layer.handle [as handle_request] (C:\Users\ラナモハマドショヘル\Desktop\learnig_folder\jim_application\node_modules\express\lib\router\layer.js:95:5)
    at C:\Users\ラナモハマドショヘル\Desktop\learnig_folder\jim_application\node_modules\express\lib\router\index.js:284:15
    at Function.process_params (C:\Users\ラナモハマドショヘル\Desktop\learnig_folder\jim_application\node_modules\express\lib\router\index.js:346:12)
    at next (C:\Users\ラナモハマドショヘル\Desktop\learnig_folder\jim_application\node_modules\express\lib\router\index.js:280:10)
    at Function.handle (C:\Users\ラナモハマドショヘル\Desktop\learnig_folder\jim_application\node_modules\express\lib\router\index.js:175:3)
    at router (C:\Users\ラナモハマドショヘル\Desktop\learnig_folder\jim_application\node_modules\express\lib\router\index.js:47:12)
Timestamp: 2025/3/14 11:23:05
   Error Message: memberService.getAl is not a function
   File: file:///C:/Users/%E3%83%A9%E3%83%8A%E3%83%A2%E3%83%8F%E3%83%9E%E3%83%89%E3%82%B7%E3%83%A7%E3%83%98%E3%83%AB/Desktop/learnig_folder/jim_application/src/controllers/memberController.js
   Method: getAll
   Line: 7
   Stack Trace:
   TypeError: memberService.getAl is not a function
    at getAll (file:///C:/Users/%E3%83%A9%E3%83%8A%E3%83%A2%E3%83%8F%E3%83%9E%E3%83%89%E3%82%B7%E3%83%A7%E3%83%98%E3%83%AB/Desktop/learnig_folder/jim_application/src/controllers/memberController.js:7:49)
    at Layer.handle [as handle_request] (C:\Users\ラナモハマドショヘル\Desktop\learnig_folder\jim_application\node_modules\express\lib\router\layer.js:95:5)
    at next (C:\Users\ラナモハマドショヘル\Desktop\learnig_folder\jim_application\node_modules\express\lib\router\route.js:149:13)
    at Route.dispatch (C:\Users\ラナモハマドショヘル\Desktop\learnig_folder\jim_application\node_modules\express\lib\router\route.js:119:3)
    at Layer.handle [as handle_request] (C:\Users\ラナモハマドショヘル\Desktop\learnig_folder\jim_application\node_modules\express\lib\router\layer.js:95:5)
    at C:\Users\ラナモハマドショヘル\Desktop\learnig_folder\jim_application\node_modules\express\lib\router\index.js:284:15
    at Function.process_params (C:\Users\ラナモハマドショヘル\Desktop\learnig_folder\jim_application\node_modules\express\lib\router\index.js:346:12)
    at next (C:\Users\ラナモハマドショヘル\Desktop\learnig_folder\jim_application\node_modules\express\lib\router\index.js:280:10)
    at Function.handle (C:\Users\ラナモハマドショヘル\Desktop\learnig_folder\jim_application\node_modules\express\lib\router\index.js:175:3)
    at router (C:\Users\ラナモハマドショヘル\Desktop\learnig_folder\jim_application\node_modules\express\lib\router\index.js:47:12)
Timestamp: 2025/3/14 11:34:16
   Error Message: memberService.getAl is not a function
   File: file:///C:/Users/%E3%83%A9%E3%83%8A%E3%83%A2%E3%83%8F%E3%83%9E%E3%83%89%E3%82%B7%E3%83%A7%E3%83%98%E3%83%AB/Desktop/learnig_folder/jim_application/src/controllers/memberController.js
   Method: getAll
   Line: 7
   Stack Trace:
   TypeError: memberService.getAl is not a function
    at getAll (file:///C:/Users/%E3%83%A9%E3%83%8A%E3%83%A2%E3%83%8F%E3%83%9E%E3%83%89%E3%82%B7%E3%83%A7%E3%83%98%E3%83%AB/Desktop/learnig_folder/jim_application/src/controllers/memberController.js:7:49)
    at Layer.handle [as handle_request] (C:\Users\ラナモハマドショヘル\Desktop\learnig_folder\jim_application\node_modules\express\lib\router\layer.js:95:5)
    at next (C:\Users\ラナモハマドショヘル\Desktop\learnig_folder\jim_application\node_modules\express\lib\router\route.js:149:13)
    at Route.dispatch (C:\Users\ラナモハマドショヘル\Desktop\learnig_folder\jim_application\node_modules\express\lib\router\route.js:119:3)
    at Layer.handle [as handle_request] (C:\Users\ラナモハマドショヘル\Desktop\learnig_folder\jim_application\node_modules\express\lib\router\layer.js:95:5)
    at C:\Users\ラナモハマドショヘル\Desktop\learnig_folder\jim_application\node_modules\express\lib\router\index.js:284:15
    at Function.process_params (C:\Users\ラナモハマドショヘル\Desktop\learnig_folder\jim_application\node_modules\express\lib\router\index.js:346:12)
    at next (C:\Users\ラナモハマドショヘル\Desktop\learnig_folder\jim_application\node_modules\express\lib\router\index.js:280:10)
    at Function.handle (C:\Users\ラナモハマドショヘル\Desktop\learnig_folder\jim_application\node_modules\express\lib\router\index.js:175:3)
    at router (C:\Users\ラナモハマドショヘル\Desktop\learnig_folder\jim_application\node_modules\express\lib\router\index.js:47:12)
2025-03-14 11:48:31 - error: Timestamp: 2025/3/14 11:48:31
   Error Message: memberService.getAl is not a function
   File: file:///C:/Users/%E3%83%A9%E3%83%8A%E3%83%A2%E3%83%8F%E3%83%9E%E3%83%89%E3%82%B7%E3%83%A7%E3%83%98%E3%83%AB/Desktop/learnig_folder/jim_application/src/controllers/memberController.js
   Method: getAll
   Line: 7
   Stack Trace:
   TypeError: memberService.getAl is not a function
    at getAll (file:///C:/Users/%E3%83%A9%E3%83%8A%E3%83%A2%E3%83%8F%E3%83%9E%E3%83%89%E3%82%B7%E3%83%A7%E3%83%98%E3%83%AB/Desktop/learnig_folder/jim_application/src/controllers/memberController.js:7:49)
    at Layer.handle [as handle_request] (C:\Users\ラナモハマドショヘル\Desktop\learnig_folder\jim_application\node_modules\express\lib\router\layer.js:95:5)
    at next (C:\Users\ラナモハマドショヘル\Desktop\learnig_folder\jim_application\node_modules\express\lib\router\route.js:149:13)
    at Route.dispatch (C:\Users\ラナモハマドショヘル\Desktop\learnig_folder\jim_application\node_modules\express\lib\router\route.js:119:3)
    at Layer.handle [as handle_request] (C:\Users\ラナモハマドショヘル\Desktop\learnig_folder\jim_application\node_modules\express\lib\router\layer.js:95:5)
    at C:\Users\ラナモハマドショヘル\Desktop\learnig_folder\jim_application\node_modules\express\lib\router\index.js:284:15
    at Function.process_params (C:\Users\ラナモハマドショヘル\Desktop\learnig_folder\jim_application\node_modules\express\lib\router\index.js:346:12)
    at next (C:\Users\ラナモハマドショヘル\Desktop\learnig_folder\jim_application\node_modules\express\lib\router\index.js:280:10)
    at Function.handle (C:\Users\ラナモハマドショヘル\Desktop\learnig_folder\jim_application\node_modules\express\lib\router\index.js:175:3)
    at router (C:\Users\ラナモハマドショヘル\Desktop\learnig_folder\jim_application\node_modules\express\lib\router\index.js:47:12)
2025-03-14 12:01:47 - error: Timestamp: 2025/3/14 12:01:47
   Error Message: memberService.getAl is not a function
   File: file:///C:/Users/%E3%83%A9%E3%83%8A%E3%83%A2%E3%83%8F%E3%83%9E%E3%83%89%E3%82%B7%E3%83%A7%E3%83%98%E3%83%AB/Desktop/learnig_folder/jim_application/src/controllers/memberController.js
   Method: getAll
   Line: 7
   Stack Trace:
   TypeError: memberService.getAl is not a function
    at getAll (file:///C:/Users/%E3%83%A9%E3%83%8A%E3%83%A2%E3%83%8F%E3%83%9E%E3%83%89%E3%82%B7%E3%83%A7%E3%83%98%E3%83%AB/Desktop/learnig_folder/jim_application/src/controllers/memberController.js:7:49)
    at Layer.handle [as handle_request] (C:\Users\ラナモハマドショヘル\Desktop\learnig_folder\jim_application\node_modules\express\lib\router\layer.js:95:5)
    at next (C:\Users\ラナモハマドショヘル\Desktop\learnig_folder\jim_application\node_modules\express\lib\router\route.js:149:13)
    at Route.dispatch (C:\Users\ラナモハマドショヘル\Desktop\learnig_folder\jim_application\node_modules\express\lib\router\route.js:119:3)
    at Layer.handle [as handle_request] (C:\Users\ラナモハマドショヘル\Desktop\learnig_folder\jim_application\node_modules\express\lib\router\layer.js:95:5)
    at C:\Users\ラナモハマドショヘル\Desktop\learnig_folder\jim_application\node_modules\express\lib\router\index.js:284:15
    at Function.process_params (C:\Users\ラナモハマドショヘル\Desktop\learnig_folder\jim_application\node_modules\express\lib\router\index.js:346:12)
    at next (C:\Users\ラナモハマドショヘル\Desktop\learnig_folder\jim_application\node_modules\express\lib\router\index.js:280:10)
    at Function.handle (C:\Users\ラナモハマドショヘル\Desktop\learnig_folder\jim_application\node_modules\express\lib\router\index.js:175:3)
    at router (C:\Users\ラナモハマドショヘル\Desktop\learnig_folder\jim_application\node_modules\express\lib\router\index.js:47:12)
2025-03-14 12:59:29 - error: Timestamp: 2025/3/14 12:59:29
   Error Message: memberService.getAl is not a function
   File: file:///C:/Users/%E3%83%A9%E3%83%8A%E3%83%A2%E3%83%8F%E3%83%9E%E3%83%89%E3%82%B7%E3%83%A7%E3%83%98%E3%83%AB/Desktop/learnig_folder/jim_application/src/controllers/memberController.js
   Method: getAll
   Line: 7
   Stack Trace:
   TypeError: memberService.getAl is not a function
    at getAll (file:///C:/Users/%E3%83%A9%E3%83%8A%E3%83%A2%E3%83%8F%E3%83%9E%E3%83%89%E3%82%B7%E3%83%A7%E3%83%98%E3%83%AB/Desktop/learnig_folder/jim_application/src/controllers/memberController.js:7:49)
    at Layer.handle [as handle_request] (C:\Users\ラナモハマドショヘル\Desktop\learnig_folder\jim_application\node_modules\express\lib\router\layer.js:95:5)
    at next (C:\Users\ラナモハマドショヘル\Desktop\learnig_folder\jim_application\node_modules\express\lib\router\route.js:149:13)
    at Route.dispatch (C:\Users\ラナモハマドショヘル\Desktop\learnig_folder\jim_application\node_modules\express\lib\router\route.js:119:3)
    at Layer.handle [as handle_request] (C:\Users\ラナモハマドショヘル\Desktop\learnig_folder\jim_application\node_modules\express\lib\router\layer.js:95:5)
    at C:\Users\ラナモハマドショヘル\Desktop\learnig_folder\jim_application\node_modules\express\lib\router\index.js:284:15
    at Function.process_params (C:\Users\ラナモハマドショヘル\Desktop\learnig_folder\jim_application\node_modules\express\lib\router\index.js:346:12)
    at next (C:\Users\ラナモハマドショヘル\Desktop\learnig_folder\jim_application\node_modules\express\lib\router\index.js:280:10)
    at Function.handle (C:\Users\ラナモハマドショヘル\Desktop\learnig_folder\jim_application\node_modules\express\lib\router\index.js:175:3)
    at router (C:\Users\ラナモハマドショヘル\Desktop\learnig_folder\jim_application\node_modules\express\lib\router\index.js:47:12)
2025-03-14 13:00:25 - error: Timestamp: 2025/3/14 13:00:25
   Error Message: Failed to retrieve members
   File: file:///C:/Users/%E3%83%A9%E3%83%8A%E3%83%A2%E3%83%8F%E3%83%9E%E3%83%89%E3%82%B7%E3%83%A7%E3%83%98%E3%83%AB/Desktop/learnig_folder/jim_application/src/services/memberService.js
   Method: Object.getAll
   Line: 14
   Stack Trace:
   CustomError: Failed to retrieve members
    at Object.getAll (file:///C:/Users/%E3%83%A9%E3%83%8A%E3%83%A2%E3%83%8F%E3%83%9E%E3%83%89%E3%82%B7%E3%83%A7%E3%83%98%E3%83%AB/Desktop/learnig_folder/jim_application/src/services/memberService.js:14:19)
    at process.processTicksAndRejections (node:internal/process/task_queues:105:5)
    at async getAll (file:///C:/Users/%E3%83%A9%E3%83%8A%E3%83%A2%E3%83%8F%E3%83%9E%E3%83%89%E3%82%B7%E3%83%A7%E3%83%98%E3%83%AB/Desktop/learnig_folder/jim_application/src/controllers/memberController.js:7:29)
2025-03-14 13:01:02 - error: Timestamp: 2025/3/14 13:01:02
   Error Message: Failed to retrieve members
   File: file:///C:/Users/%E3%83%A9%E3%83%8A%E3%83%A2%E3%83%8F%E3%83%9E%E3%83%89%E3%82%B7%E3%83%A7%E3%83%98%E3%83%AB/Desktop/learnig_folder/jim_application/src/services/memberService.js
   Method: Object.getAll
   Line: 14
   Stack Trace:
   CustomError: Failed to retrieve members
    at Object.getAll (file:///C:/Users/%E3%83%A9%E3%83%8A%E3%83%A2%E3%83%8F%E3%83%9E%E3%83%89%E3%82%B7%E3%83%A7%E3%83%98%E3%83%AB/Desktop/learnig_folder/jim_application/src/services/memberService.js:14:19)
    at process.processTicksAndRejections (node:internal/process/task_queues:105:5)
    at async getAll (file:///C:/Users/%E3%83%A9%E3%83%8A%E3%83%A2%E3%83%8F%E3%83%9E%E3%83%89%E3%82%B7%E3%83%A7%E3%83%98%E3%83%AB/Desktop/learnig_folder/jim_application/src/controllers/memberController.js:7:29)
2025-03-14 13:03:03 - error: Timestamp: 2025/3/14 13:03:03
   Error Message: Failed to retrieve members
   File: file:///C:/Users/%E3%83%A9%E3%83%8A%E3%83%A2%E3%83%8F%E3%83%9E%E3%83%89%E3%82%B7%E3%83%A7%E3%83%98%E3%83%AB/Desktop/learnig_folder/jim_application/src/services/memberService.js
   Method: Object.getAll
   Line: 14
   Stack Trace:
   CustomError: Failed to retrieve members
    at Object.getAll (file:///C:/Users/%E3%83%A9%E3%83%8A%E3%83%A2%E3%83%8F%E3%83%9E%E3%83%89%E3%82%B7%E3%83%A7%E3%83%98%E3%83%AB/Desktop/learnig_folder/jim_application/src/services/memberService.js:14:19)
    at process.processTicksAndRejections (node:internal/process/task_queues:105:5)
    at async getAll (file:///C:/Users/%E3%83%A9%E3%83%8A%E3%83%A2%E3%83%8F%E3%83%9E%E3%83%89%E3%82%B7%E3%83%A7%E3%83%98%E3%83%AB/Desktop/learnig_folder/jim_application/src/controllers/memberController.js:7:29)
2025-03-14 13:03:09 - error: Timestamp: 2025/3/14 13:03:09
   Error Message: Failed to retrieve members
   File: file:///C:/Users/%E3%83%A9%E3%83%8A%E3%83%A2%E3%83%8F%E3%83%9E%E3%83%89%E3%82%B7%E3%83%A7%E3%83%98%E3%83%AB/Desktop/learnig_folder/jim_application/src/services/memberService.js
   Method: Object.getAll
   Line: 14
   Stack Trace:
   CustomError: Failed to retrieve members
    at Object.getAll (file:///C:/Users/%E3%83%A9%E3%83%8A%E3%83%A2%E3%83%8F%E3%83%9E%E3%83%89%E3%82%B7%E3%83%A7%E3%83%98%E3%83%AB/Desktop/learnig_folder/jim_application/src/services/memberService.js:14:19)
    at process.processTicksAndRejections (node:internal/process/task_queues:105:5)
    at async getAll (file:///C:/Users/%E3%83%A9%E3%83%8A%E3%83%A2%E3%83%8F%E3%83%9E%E3%83%89%E3%82%B7%E3%83%A7%E3%83%98%E3%83%AB/Desktop/learnig_folder/jim_application/src/controllers/memberController.js:7:29)
2025-03-14 13:03:21 - error: Timestamp: 2025/3/14 13:03:21
   Error Message: Failed to retrieve members
   File: file:///C:/Users/%E3%83%A9%E3%83%8A%E3%83%A2%E3%83%8F%E3%83%9E%E3%83%89%E3%82%B7%E3%83%A7%E3%83%98%E3%83%AB/Desktop/learnig_folder/jim_application/src/services/memberService.js
   Method: Object.getAll
   Line: 14
   Stack Trace:
   CustomError: Failed to retrieve members
    at Object.getAll (file:///C:/Users/%E3%83%A9%E3%83%8A%E3%83%A2%E3%83%8F%E3%83%9E%E3%83%89%E3%82%B7%E3%83%A7%E3%83%98%E3%83%AB/Desktop/learnig_folder/jim_application/src/services/memberService.js:14:19)
    at process.processTicksAndRejections (node:internal/process/task_queues:105:5)
    at async getAll (file:///C:/Users/%E3%83%A9%E3%83%8A%E3%83%A2%E3%83%8F%E3%83%9E%E3%83%89%E3%82%B7%E3%83%A7%E3%83%98%E3%83%AB/Desktop/learnig_folder/jim_application/src/controllers/memberController.js:7:29)
2025-03-14 13:05:21 - error: Timestamp: 2025/3/14 13:05:21
   Error Message: Failed to retrieve members
   File: file:///C:/Users/%E3%83%A9%E3%83%8A%E3%83%A2%E3%83%8F%E3%83%9E%E3%83%89%E3%82%B7%E3%83%A7%E3%83%98%E3%83%AB/Desktop/learnig_folder/jim_application/src/services/memberService.js
   Method: Object.getAll
   Line: 14
   Stack Trace:
   CustomError: Failed to retrieve members
    at Object.getAll (file:///C:/Users/%E3%83%A9%E3%83%8A%E3%83%A2%E3%83%8F%E3%83%9E%E3%83%89%E3%82%B7%E3%83%A7%E3%83%98%E3%83%AB/Desktop/learnig_folder/jim_application/src/services/memberService.js:14:19)
    at process.processTicksAndRejections (node:internal/process/task_queues:105:5)
    at async getAll (file:///C:/Users/%E3%83%A9%E3%83%8A%E3%83%A2%E3%83%8F%E3%83%9E%E3%83%89%E3%82%B7%E3%83%A7%E3%83%98%E3%83%AB/Desktop/learnig_folder/jim_application/src/controllers/memberController.js:7:29)
2025-03-14 13:08:38 - error: Timestamp: 2025/3/14 13:08:38
   Error Message: logger is not defined
   File: file:///C:/Users/%E3%83%A9%E3%83%8A%E3%83%A2%E3%83%8F%E3%83%9E%E3%83%89%E3%82%B7%E3%83%A7%E3%83%98%E3%83%AB/Desktop/learnig_folder/jim_application/src/services/memberService.js
   Method: Object.getAll
   Line: 14
   Stack Trace:
   ReferenceError: logger is not defined
    at Object.getAll (file:///C:/Users/%E3%83%A9%E3%83%8A%E3%83%A2%E3%83%8F%E3%83%9E%E3%83%89%E3%82%B7%E3%83%A7%E3%83%98%E3%83%AB/Desktop/learnig_folder/jim_application/src/services/memberService.js:14:13)
    at process.processTicksAndRejections (node:internal/process/task_queues:105:5)
    at async getAll (file:///C:/Users/%E3%83%A9%E3%83%8A%E3%83%A2%E3%83%8F%E3%83%9E%E3%83%89%E3%82%B7%E3%83%A7%E3%83%98%E3%83%AB/Desktop/learnig_folder/jim_application/src/controllers/memberController.js:7:29)
2025-03-14 13:09:26 - error: Error in getAll: Operation `members.find()` buffering timed out after 10000ms
2025-03-14 13:09:26 - error: Timestamp: 2025/3/14 13:09:26
   Error Message: Failed to retrieve members
   File: file:///C:/Users/%E3%83%A9%E3%83%8A%E3%83%A2%E3%83%8F%E3%83%9E%E3%83%89%E3%82%B7%E3%83%A7%E3%83%98%E3%83%AB/Desktop/learnig_folder/jim_application/src/services/memberService.js
   Method: Object.getAll
   Line: 19
   Stack Trace:
   CustomError: Failed to retrieve members
    at Object.getAll (file:///C:/Users/%E3%83%A9%E3%83%8A%E3%83%A2%E3%83%8F%E3%83%9E%E3%83%89%E3%82%B7%E3%83%A7%E3%83%98%E3%83%AB/Desktop/learnig_folder/jim_application/src/services/memberService.js:19:19)
    at process.processTicksAndRejections (node:internal/process/task_queues:105:5)
    at async getAll (file:///C:/Users/%E3%83%A9%E3%83%8A%E3%83%A2%E3%83%8F%E3%83%9E%E3%83%89%E3%82%B7%E3%83%A7%E3%83%98%E3%83%AB/Desktop/learnig_folder/jim_application/src/controllers/memberController.js:7:29)
2025-03-14 13:11:18 - error: Error in getAll: Operation `members.find()` buffering timed out after 10000ms
2025-03-14 13:11:18 - error: Timestamp: 2025/3/14 13:11:18
   Error Message: Failed to retrieve members
   File: file:///C:/Users/%E3%83%A9%E3%83%8A%E3%83%A2%E3%83%8F%E3%83%9E%E3%83%89%E3%82%B7%E3%83%A7%E3%83%98%E3%83%AB/Desktop/learnig_folder/jim_application/src/services/memberService.js
   Method: Object.getAll
   Line: 19
   Stack Trace:
   CustomError: Failed to retrieve members
    at Object.getAll (file:///C:/Users/%E3%83%A9%E3%83%8A%E3%83%A2%E3%83%8F%E3%83%9E%E3%83%89%E3%82%B7%E3%83%A7%E3%83%98%E3%83%AB/Desktop/learnig_folder/jim_application/src/services/memberService.js:19:19)
    at process.processTicksAndRejections (node:internal/process/task_queues:105:5)
    at async getAll (file:///C:/Users/%E3%83%A9%E3%83%8A%E3%83%A2%E3%83%8F%E3%83%9E%E3%83%89%E3%82%B7%E3%83%A7%E3%83%98%E3%83%AB/Desktop/learnig_folder/jim_application/src/controllers/memberController.js:7:29)
2025-03-14 13:12:22 - error: Error in getAll: Operation `members.find()` buffering timed out after 10000ms
2025-03-14 13:12:22 - error: Timestamp: 2025/3/14 13:12:22
   Error Message: Failed to retrieve members
   File: file:///C:/Users/%E3%83%A9%E3%83%8A%E3%83%A2%E3%83%8F%E3%83%9E%E3%83%89%E3%82%B7%E3%83%A7%E3%83%98%E3%83%AB/Desktop/learnig_folder/jim_application/src/services/memberService.js
   Method: Object.getAll
   Line: 19
   Stack Trace:
   CustomError: Failed to retrieve members
    at Object.getAll (file:///C:/Users/%E3%83%A9%E3%83%8A%E3%83%A2%E3%83%8F%E3%83%9E%E3%83%89%E3%82%B7%E3%83%A7%E3%83%98%E3%83%AB/Desktop/learnig_folder/jim_application/src/services/memberService.js:19:19)
    at process.processTicksAndRejections (node:internal/process/task_queues:105:5)
    at async getAll (file:///C:/Users/%E3%83%A9%E3%83%8A%E3%83%A2%E3%83%8F%E3%83%9E%E3%83%89%E3%82%B7%E3%83%A7%E3%83%98%E3%83%AB/Desktop/learnig_folder/jim_application/src/controllers/memberController.js:7:29)
2025-03-14 13:12:43 - error: Error in getAll: Operation `members.find()` buffering timed out after 10000ms
2025-03-14 13:12:43 - error: Timestamp: 2025/3/14 13:12:43
   Error Message: Failed to retrieve members
   File: file:///C:/Users/%E3%83%A9%E3%83%8A%E3%83%A2%E3%83%8F%E3%83%9E%E3%83%89%E3%82%B7%E3%83%A7%E3%83%98%E3%83%AB/Desktop/learnig_folder/jim_application/src/services/memberService.js
   Method: Object.getAll
   Line: 19
   Stack Trace:
   CustomError: Failed to retrieve members
    at Object.getAll (file:///C:/Users/%E3%83%A9%E3%83%8A%E3%83%A2%E3%83%8F%E3%83%9E%E3%83%89%E3%82%B7%E3%83%A7%E3%83%98%E3%83%AB/Desktop/learnig_folder/jim_application/src/services/memberService.js:19:19)
    at process.processTicksAndRejections (node:internal/process/task_queues:105:5)
    at async getAll (file:///C:/Users/%E3%83%A9%E3%83%8A%E3%83%A2%E3%83%8F%E3%83%9E%E3%83%89%E3%82%B7%E3%83%A7%E3%83%98%E3%83%AB/Desktop/learnig_folder/jim_application/src/controllers/memberController.js:7:29)
2025-03-14 13:17:06 - error: Error in getAll: Operation `members.find()` buffering timed out after 10000ms
2025-03-14 13:17:06 - error: Timestamp: 2025/3/14 13:17:06
   Error Message: Failed to retrieve members
   File: file:///C:/Users/%E3%83%A9%E3%83%8A%E3%83%A2%E3%83%8F%E3%83%9E%E3%83%89%E3%82%B7%E3%83%A7%E3%83%98%E3%83%AB/Desktop/learnig_folder/jim_application/src/services/memberService.js
   Method: Object.getAll
   Line: 19
   Stack Trace:
   CustomError: Failed to retrieve members
    at Object.getAll (file:///C:/Users/%E3%83%A9%E3%83%8A%E3%83%A2%E3%83%8F%E3%83%9E%E3%83%89%E3%82%B7%E3%83%A7%E3%83%98%E3%83%AB/Desktop/learnig_folder/jim_application/src/services/memberService.js:19:19)
    at process.processTicksAndRejections (node:internal/process/task_queues:105:5)
    at async getAll (file:///C:/Users/%E3%83%A9%E3%83%8A%E3%83%A2%E3%83%8F%E3%83%9E%E3%83%89%E3%82%B7%E3%83%A7%E3%83%98%E3%83%AB/Desktop/learnig_folder/jim_application/src/controllers/memberController.js:7:29)
2025-03-14 13:19:21 - error: Error in getAll: Operation `members.find()` buffering timed out after 10000ms
2025-03-14 13:19:21 - error: Timestamp: 2025/3/14 13:19:21
   Error Message: Failed to retrieve members
   File: file:///C:/Users/%E3%83%A9%E3%83%8A%E3%83%A2%E3%83%8F%E3%83%9E%E3%83%89%E3%82%B7%E3%83%A7%E3%83%98%E3%83%AB/Desktop/learnig_folder/jim_application/src/services/memberService.js
   Method: Object.getAll
   Line: 19
   Stack Trace:
   CustomError: Failed to retrieve members
    at Object.getAll (file:///C:/Users/%E3%83%A9%E3%83%8A%E3%83%A2%E3%83%8F%E3%83%9E%E3%83%89%E3%82%B7%E3%83%A7%E3%83%98%E3%83%AB/Desktop/learnig_folder/jim_application/src/services/memberService.js:19:19)
    at process.processTicksAndRejections (node:internal/process/task_queues:105:5)
    at async getAll (file:///C:/Users/%E3%83%A9%E3%83%8A%E3%83%A2%E3%83%8F%E3%83%9E%E3%83%89%E3%82%B7%E3%83%A7%E3%83%98%E3%83%AB/Desktop/learnig_folder/jim_application/src/controllers/memberController.js:7:29)
2025-03-14 13:25:13 - error: MongoDB connection failed The `uri` parameter to `openUri()` must be a string, got "undefined". Make sure the first parameter to `mongoose.connect()` or `mongoose.createConnection()` is a string.
2025-03-14 13:25:13 - error: MongoDB connection failed The `uri` parameter to `openUri()` must be a string, got "undefined". Make sure the first parameter to `mongoose.connect()` or `mongoose.createConnection()` is a string.
2025-03-14 13:25:15 - error: MongoDB connection failed The `uri` parameter to `openUri()` must be a string, got "undefined". Make sure the first parameter to `mongoose.connect()` or `mongoose.createConnection()` is a string.
2025-03-14 13:25:15 - error: MongoDB connection failed The `uri` parameter to `openUri()` must be a string, got "undefined". Make sure the first parameter to `mongoose.connect()` or `mongoose.createConnection()` is a string.
2025-03-14 13:25:58 - error: MongoDB connection failed The `uri` parameter to `openUri()` must be a string, got "undefined". Make sure the first parameter to `mongoose.connect()` or `mongoose.createConnection()` is a string.
2025-03-14 13:25:58 - error: MongoDB connection failed The `uri` parameter to `openUri()` must be a string, got "undefined". Make sure the first parameter to `mongoose.connect()` or `mongoose.createConnection()` is a string.
2025-03-14 13:26:38 - error: MongoDB connection failed The `uri` parameter to `openUri()` must be a string, got "undefined". Make sure the first parameter to `mongoose.connect()` or `mongoose.createConnection()` is a string.
2025-03-14 13:26:38 - error: MongoDB connection failed The `uri` parameter to `openUri()` must be a string, got "undefined". Make sure the first parameter to `mongoose.connect()` or `mongoose.createConnection()` is a string.
2025-03-14 13:26:42 - error: MongoDB connection failed The `uri` parameter to `openUri()` must be a string, got "undefined". Make sure the first parameter to `mongoose.connect()` or `mongoose.createConnection()` is a string.
2025-03-14 13:26:42 - error: MongoDB connection failed The `uri` parameter to `openUri()` must be a string, got "undefined". Make sure the first parameter to `mongoose.connect()` or `mongoose.createConnection()` is a string.
2025-03-14 13:26:59 - error: MongoDB connection failed', { message: error.message, stack: error.stack }
2025-03-14 13:26:59 - error: MongoDB connection failed', { message: error.message, stack: error.stack }
2025-03-14 13:27:07 - error: MongoDB connection failed', { message: error.message, stack: error.stack }
2025-03-14 13:27:07 - error: MongoDB connection failed', { message: error.message, stack: error.stack }
2025-03-14 13:27:08 - error: MongoDB connection failed', { message: error.message, stack: error.stack }
2025-03-14 13:27:08 - error: MongoDB connection failed', { message: error.message, stack: error.stack }
2025-03-14 13:28:18 - error: MongoDB connection failed', { message: error.message, stack: error.stack }
2025-03-14 13:28:35 - error: MongoDB connection failed', { message: error.message, stack: error.stack }
2025-03-14 13:29:05 - error: MongoDB connection failed', { message: error.message, stack: error.stack }
2025-03-14 13:29:05 - error: MongoDB connection failed', { message: error.message, stack: error.stack }
2025-03-14 13:29:06 - error: MongoDB connection failed', { message: error.message, stack: error.stack }
2025-03-14 13:29:06 - error: MongoDB connection failed', { message: error.message, stack: error.stack }
